// Jest Snapshot v1, https://goo.gl/fbAQLP

exports[`returns the title of the first album 1`] = `
Object {
  "body": "Abcs D",
  "id": 1,
  "title": "My First Album",
  "userId": 3,
}
`;
